
Allocating common symbols
Common symbol       size              file

mousedata0          0x4               int.o
keyfifo             0x4               int.o
taskctl             0x4               mtask.o
timerctl            0x271c            timer.o
mousefifo           0x4               int.o
task_timer          0x4               mtask.o
keydata0            0x4               int.o

Discarded input sections

 .eh_frame      0x0000000000000000       0x58 int.o
 .eh_frame      0x0000000000000000      0x118 fifo.o
 .eh_frame      0x0000000000000000      0x120 graphic.o
 .eh_frame      0x0000000000000000       0x78 dsctbl.o
 .eh_frame      0x0000000000000000       0x34 bootpack.o
 .eh_frame      0x0000000000000000       0x78 keyboard.o
 .eh_frame      0x0000000000000000       0x78 mouse.o
 .eh_frame      0x0000000000000000       0x9c mysprintf.o
 .eh_frame      0x0000000000000000      0x104 memory.o
 .eh_frame      0x0000000000000000      0x15c sheet.o
 .eh_frame      0x0000000000000000       0xd8 timer.o
 .eh_frame      0x0000000000000000      0x154 mtask.o
 .eh_frame      0x0000000000000000       0x58 mystrcmp.o
 .eh_frame      0x0000000000000000       0xb0 window.o
 .eh_frame      0x0000000000000000      0x1a0 console.o
 .eh_frame      0x0000000000000000       0x78 file.o

Memory Configuration

Name             Origin             Length             Attributes
*default*        0x0000000000000000 0xffffffffffffffff

Linker script and memory map


.head           0x0000000000000000       0x24
                0x0000000000000000        0x4 LONG 0x10000
                0x0000000000000004        0x4 LONG 0x69726148
                0x0000000000000008        0x4 LONG 0x0
                0x000000000000000c        0x4 LONG 0x310000
                0x0000000000000010        0x4 LONG 0x1350 SIZEOF (.data)
                0x0000000000000014        0x4 LONG 0x4a78 LOADADDR (.data)
                0x0000000000000018        0x4 LONG 0xe9000000
                0x000000000000001c        0x4 LONG 0xc2c (HariMain - 0x20)
                0x0000000000000020        0x4 LONG 0x0

.text           0x0000000000000030     0x4a48
 *(.text)
 .text          0x0000000000000030       0xf3 int.o
                0x0000000000000030                init_pic
                0x000000000000010b                inthandler27
 .text          0x0000000000000123      0x2bb fifo.o
                0x0000000000000123                fifo8_init
                0x0000000000000161                fifo8_put
                0x00000000000001e1                fifo8_get
                0x0000000000000251                fifo8_status
                0x0000000000000266                fifo32_init
                0x00000000000002ad                fifo32_put
                0x000000000000035a                fifo32_get
                0x00000000000003c9                fifo32_status
 .text          0x00000000000003de      0x639 graphic.o
                0x00000000000003de                init_palette
                0x000000000000044e                set_palette
                0x00000000000004fa                init_screen8
                0x0000000000000744                putfont8
                0x0000000000000846                putfonts8_asc
                0x0000000000000895                init_mouse_cursor8
                0x0000000000000955                boxfill8
                0x00000000000009a8                putblock8_8
 .text          0x0000000000000a17      0x235 dsctbl.o
                0x0000000000000a17                init_gdtidt
                0x0000000000000b8c                set_segmdesc
                0x0000000000000c07                set_gatedesc
 .text          0x0000000000000c4c      0xb3f bootpack.o
                0x0000000000000c4c                HariMain
 .text          0x000000000000178b        0x0 hankaku.o
 *fill*         0x000000000000178b        0x5 
 .text          0x0000000000001790      0x136 nasmfunc.o
                0x0000000000001790                io_hlt
                0x0000000000001792                io_cli
                0x0000000000001794                io_sti
                0x0000000000001796                io_stihlt
                0x0000000000001799                io_in8
                0x00000000000017a4                io_in16
                0x00000000000017b0                io_in32
                0x00000000000017b6                io_out8
                0x00000000000017c0                io_out16
                0x00000000000017cb                io_out32
                0x00000000000017d5                io_load_eflags
                0x00000000000017d8                io_store_eflags
                0x00000000000017df                load_gdtr
                0x00000000000017ef                load_idtr
                0x00000000000017ff                asm_inthandler21
                0x0000000000001816                asm_inthandler27
                0x000000000000182d                asm_inthandler2c
                0x0000000000001844                load_cr0
                0x0000000000001848                store_cr0
                0x0000000000001850                memtest_sub
                0x0000000000001892                asm_inthandler20
                0x00000000000018a9                load_tr
                0x00000000000018af                farjmp
                0x00000000000018b4                asm_hrb_api
                0x00000000000018c1                farcall
 .text          0x00000000000018c6       0xa6 keyboard.o
                0x00000000000018c6                wait_KBC_sendready
                0x00000000000018e6                init_keyboard
                0x0000000000001927                inthandler21
 .text          0x000000000000196c      0x1e4 mouse.o
                0x000000000000196c                enable_mouse
                0x00000000000019ba                mouse_decode
                0x0000000000001af9                inthandler2c
 .text          0x0000000000001b50      0x27d mysprintf.o
                0x0000000000001b50                dec2asc
                0x0000000000001be4                hex2asc
                0x0000000000001c72                hex2asccap
                0x0000000000001d00                mysprintf
 .text          0x0000000000001dcd      0x4b1 memory.o
                0x0000000000001dcd                memtest
                0x0000000000001e84                memman_init
                0x0000000000001eb1                memman_total
                0x0000000000001eea                memman_alloc
                0x0000000000001fd3                memman_free
                0x0000000000002223                memman_alloc_4k
                0x000000000000224f                memman_free_4k
 .text          0x000000000000227e      0xa49 sheet.o
                0x000000000000227e                shtctl_init
                0x0000000000002361                sheet_alloc
                0x00000000000023d8                sheet_setbuf
                0x0000000000002401                sheet_updown
                0x000000000000278d                sheet_refresh
                0x00000000000027fb                sheet_refreshsub
                0x00000000000029c7                sheet_slide
                0x0000000000002ae6                sheet_free
                0x0000000000002b13                sheet_refreshmap
 .text          0x0000000000002cc7      0x29f timer.o
                0x0000000000002cc7                init_pit
                0x0000000000002d6f                timer_alloc
                0x0000000000002dd9                timer_free
                0x0000000000002de9                timer_init
                0x0000000000002e03                timer_settime
                0x0000000000002eb2                inthandler20
 .text          0x0000000000002f66      0x63c mtask.o
                0x0000000000002f66                task_init
                0x000000000000316b                task_alloc
                0x000000000000327b                task_run
                0x00000000000032f1                task_switch
                0x00000000000033c0                task_sleep
                0x0000000000003413                task_now
                0x0000000000003443                task_add
                0x000000000000348c                task_remove
                0x0000000000003549                task_switchsub
                0x0000000000003595                task_idle
 .text          0x00000000000035a2      0x126 mystrcmp.o
                0x00000000000035a2                mystrcmp
                0x0000000000003634                mystrncmp
 .text          0x00000000000036c8      0x508 window.o
                0x00000000000036c8                make_window8
                0x000000000000383a                make_wtitle8
                0x0000000000003932                putfonts8_asc_sht
                0x00000000000039d1                make_textbox8
 .text          0x0000000000003bd0      0xbde console.o
                0x0000000000003bd0                console_task
                0x0000000000003f7b                cons_putchar
                0x0000000000004083                cons_newline
                0x000000000000418b                cons_runcmd
                0x0000000000004277                cmd_mem
                0x00000000000042c5                cmd_cls
                0x0000000000004343                cmd_dir
                0x0000000000004477                cmd_type
                0x0000000000004542                cmd_app
                0x00000000000046d7                cons_putstr0
                0x000000000000470a                cons_putstr1
                0x0000000000004747                hrb_api
 .text          0x00000000000047ae      0x2ca file.o
                0x00000000000047ae                file_readfat
                0x000000000000485e                file_loadfile
                0x0000000000004906                file_search

.data           0x0000000000310000     0x1350 load address 0x0000000000004a78
 *(.data)
 .data          0x0000000000310000        0x0 int.o
 .data          0x0000000000310000        0x0 fifo.o
 .data          0x0000000000310000      0x100 graphic.o
 .data          0x0000000000310100        0x0 dsctbl.o
 .data          0x0000000000310100      0x100 bootpack.o
 .data          0x0000000000310200     0x1000 hankaku.o
                0x0000000000310200                hankaku
 .data          0x0000000000311200        0x0 keyboard.o
 .data          0x0000000000311200        0x0 mouse.o
 .data          0x0000000000311200        0x0 mysprintf.o
 .data          0x0000000000311200        0x0 memory.o
 .data          0x0000000000311200        0x0 sheet.o
 .data          0x0000000000311200        0x0 timer.o
 .data          0x0000000000311200        0x0 mtask.o
 .data          0x0000000000311200        0x0 mystrcmp.o
 .data          0x0000000000311200       0xe0 window.o
 .data          0x00000000003112e0        0x0 console.o
 .data          0x00000000003112e0        0x0 file.o
 *(.rodata*)
 .rodata        0x00000000003112e0       0x11 bootpack.o
 .rodata        0x00000000003112f1       0x5f console.o
 *(.bss)
 .bss           0x0000000000311350        0x0 int.o
 .bss           0x0000000000311350        0x0 fifo.o
 .bss           0x0000000000311350        0x0 graphic.o
 .bss           0x0000000000311350        0x0 dsctbl.o
 .bss           0x0000000000311350        0x0 bootpack.o
 .bss           0x0000000000311350        0x0 hankaku.o
 .bss           0x0000000000311350        0x0 keyboard.o
 .bss           0x0000000000311350        0x0 mouse.o
 .bss           0x0000000000311350        0x0 mysprintf.o
 .bss           0x0000000000311350        0x0 memory.o
 .bss           0x0000000000311350        0x0 sheet.o
 .bss           0x0000000000311350        0x0 timer.o
 .bss           0x0000000000311350        0x0 mtask.o
 .bss           0x0000000000311350        0x0 mystrcmp.o
 .bss           0x0000000000311350        0x0 window.o
 .bss           0x0000000000311350        0x0 console.o
 .bss           0x0000000000311350        0x0 file.o

/DISCARD/
 *(.eh_frame)
LOAD int.o
LOAD fifo.o
LOAD graphic.o
LOAD dsctbl.o
LOAD bootpack.o
LOAD hankaku.o
LOAD nasmfunc.o
LOAD keyboard.o
LOAD mouse.o
LOAD mysprintf.o
LOAD memory.o
LOAD sheet.o
LOAD timer.o
LOAD mtask.o
LOAD mystrcmp.o
LOAD window.o
LOAD console.o
LOAD file.o
OUTPUT(bootpack.bin binary)

.comment        0x0000000000000000      0x1cb
 .comment       0x0000000000000000       0x1b int.o
 .comment       0x000000000000001b       0x1b fifo.o
 .comment       0x0000000000000036       0x1b graphic.o
 .comment       0x0000000000000051       0x1b dsctbl.o
 .comment       0x000000000000006c       0x1b bootpack.o
 .comment       0x0000000000000087       0x1b hankaku.o
 .comment       0x00000000000000a2       0x1b keyboard.o
 .comment       0x00000000000000bd       0x1b mouse.o
 .comment       0x00000000000000d8       0x1b mysprintf.o
 .comment       0x00000000000000f3       0x1b memory.o
 .comment       0x000000000000010e       0x1b sheet.o
 .comment       0x0000000000000129       0x1b timer.o
 .comment       0x0000000000000144       0x1b mtask.o
 .comment       0x000000000000015f       0x1b mystrcmp.o
 .comment       0x000000000000017a       0x1b window.o
 .comment       0x0000000000000195       0x1b console.o
 .comment       0x00000000000001b0       0x1b file.o

.note.GNU-stack
                0x0000000000000000        0x0
 .note.GNU-stack
                0x0000000000000000        0x0 int.o
 .note.GNU-stack
                0x0000000000000000        0x0 fifo.o
 .note.GNU-stack
                0x0000000000000000        0x0 graphic.o
 .note.GNU-stack
                0x0000000000000000        0x0 dsctbl.o
 .note.GNU-stack
                0x0000000000000000        0x0 bootpack.o
 .note.GNU-stack
                0x0000000000000000        0x0 hankaku.o
 .note.GNU-stack
                0x0000000000000000        0x0 keyboard.o
 .note.GNU-stack
                0x0000000000000000        0x0 mouse.o
 .note.GNU-stack
                0x0000000000000000        0x0 mysprintf.o
 .note.GNU-stack
                0x0000000000000000        0x0 memory.o
 .note.GNU-stack
                0x0000000000000000        0x0 sheet.o
 .note.GNU-stack
                0x0000000000000000        0x0 timer.o
 .note.GNU-stack
                0x0000000000000000        0x0 mtask.o
 .note.GNU-stack
                0x0000000000000000        0x0 mystrcmp.o
 .note.GNU-stack
                0x0000000000000000        0x0 window.o
 .note.GNU-stack
                0x0000000000000000        0x0 console.o
 .note.GNU-stack
                0x0000000000000000        0x0 file.o

.bss            0x0000000000311360     0x2744 load address 0x0000000000005de0
 COMMON         0x0000000000311360       0x10 int.o
                0x0000000000311360                mousedata0
                0x0000000000311364                keyfifo
                0x0000000000311368                mousefifo
                0x000000000031136c                keydata0
 *fill*         0x0000000000311370       0x10 
 COMMON         0x0000000000311380     0x271c timer.o
                0x0000000000311380                timerctl
 COMMON         0x0000000000313a9c        0x8 mtask.o
                0x0000000000313a9c                taskctl
                0x0000000000313aa0                task_timer

.stab           0x0000000000000000      0x72c
 .stab          0x0000000000000000      0x72c nasmfunc.o

.stabstr        0x0000000000000000        0xe
 .stabstr       0x0000000000000000        0xe nasmfunc.o
